
> smart-sportz-frontend@1.0.0 dev
> vite --host 127.0.0.1 --port 5173


  [32m[1mVITE[22m v6.4.3[39m  [2mready in [0m[1m6843[22m[2m[0m ms[22m

  [32m➜[39m  [1mLocal[22m:   [36mhttp://127.0.0.1:[1m5173[22m/Smart_Sportz/[39m
[2m11:25:29 AM[22m [36m[1m[vite][22m[39m [90m[2m(client)[22m[39m [32mhmr update [39m[2m/src/components/UI.tsx, /src/pages/ArticleDetailPage.tsx, /src/pages/SportsPage.tsx, /src/pages/UserDashboardPage.tsx, /src/pages/UtilityDetailPage.tsx, /src/pages/TeamDetailPage.tsx, /src/pages/TournamentsPage.tsx, /src/pages/PortalSectionPage.tsx, /src/pages/BracketPages.tsx, /src/pages/CmsSectionPage.tsx, /src/pages/LoginPage.tsx, /src/pages/ManagementPage.tsx, /src/pages/SportDetailPage.tsx, /src/pages/ContentPage.tsx, /src/pages/LiveMatchPage.tsx, /src/pages/shared.tsx, /src/pages/NewsPages.tsx, /src/pages/LiveHubPage.tsx, /src/pages/LeaderboardsPage.tsx, /src/pages/HomePage.tsx, /src/pages/TournamentDetailPage.tsx, /src/pages/AdminPage.tsx, /src/pages/RegistrationPage.tsx, /src/pages/TeamsPage.tsx[22m
[2m11:26:01 AM[22m [36m[1m[vite][22m[39m [90m[2m(client)[22m[39m [32mhmr update [39m[2m/src/components/UI.tsx[22m
[2m11:26:33 AM[22m [36m[1m[vite][22m[39m [90m[2m(client)[22m[39m [32mhmr update [39m[2m/src/pages/UserDashboardPage.tsx[22m
[2m11:27:29 AM[22m [36m[1m[vite][22m[39m [90m[2m(client)[22m[39m [32mhmr update [39m[2m/src/pages/UserDashboardPage.tsx[22m
[2m11:27:54 AM[22m [36m[1m[vite][22m[39m [90m[2m(client)[22m[39m [32mhmr update [39m[2m/src/pages/UserDashboardPage.tsx[22m
[2m11:28:53 AM[22m [36m[1m[vite][22m[39m [90m[2m(client)[22m[39m [32mhmr update [39m[2m/src/pages/PortalSectionPage.tsx[22m
[2m11:29:30 AM[22m [36m[1m[vite][22m[39m [90m[2m(client)[22m[39m [32mhmr update [39m[2m/src/components/UI.tsx[22m
[2m11:29:57 AM[22m [36m[1m[vite][22m[39m [90m[2m(client)[22m[39m [32mhmr update [39m[2m/src/styles.css[22m
[2m11:30:35 AM[22m [36m[1m[vite][22m[39m [90m[2m(client)[22m[39m [32mhmr update [39m[2m/src/styles.css[22m
[2m11:30:54 AM[22m [36m[1m[vite][22m[39m [90m[2m(client)[22m[39m [32mhmr update [39m[2m/src/pages/PortalSectionPage.tsx[22m
[2m11:34:44 AM[22m [36m[1m[vite][22m[39m [90m[2m(client)[22m[39m [32mhmr update [39m[2m/src/components/UI.tsx[22m
[2m11:35:09 AM[22m [36m[1m[vite][22m[39m [90m[2m(client)[22m[39m [32mhmr update [39m[2m/src/pages/UserDashboardPage.tsx[22m
[2m11:43:16 AM[22m [36m[1m[vite][22m[39m [90m[2m(client)[22m[39m [32mhmr update [39m[2m/src/pages/UserDashboardPage.tsx[22m
[2m11:44:11 AM[22m [36m[1m[vite][22m[39m [90m[2m(client)[22m[39m [32mhmr update [39m[2m/src/pages/UserDashboardPage.tsx[22m
[2m11:48:05 AM[22m [36m[1m[vite][22m[39m [90m[2m(client)[22m[39m [32mhmr update [39m[2m/src/components/UI.tsx[22m
[2m11:48:38 AM[22m [36m[1m[vite][22m[39m [90m[2m(client)[22m[39m [32mhmr update [39m[2m/src/styles.css[22m
